(node:10260) [MODULE_TYPELESS_PACKAGE_JSON] Warning: Module type of file:///F:/Web%20Calculator/Mugnee%20Calculator/src/data/component-model-and-price.js is not specified and it doesn't parse as CommonJS.
Reparsing as ES module because module syntax was detected. This incurs a performance overhead.
To eliminate this warning, add "type": "module" to \\?\F:\Web Calculator\Mugnee Calculator\package.json.
(Use `node --trace-warnings ...` to show where the warning was created)
Error: ID is invalid.
    at idValue (file:///F:/Web%20Calculator/Mugnee%20Calculator/server/validation.mjs:32:72)
    at file:///F:/Web%20Calculator/Mugnee%20Calculator/server/index.mjs:576:12
    at file:///F:/Web%20Calculator/Mugnee%20Calculator/server/index.mjs:38:69
    at Layer.handleRequest (F:\Web Calculator\Mugnee Calculator\node_modules\router\lib\layer.js:152:17)
    at next (F:\Web Calculator\Mugnee Calculator\node_modules\router\lib\route.js:157:13)
    at Route.dispatch (F:\Web Calculator\Mugnee Calculator\node_modules\router\lib\route.js:117:3)
    at handle (F:\Web Calculator\Mugnee Calculator\node_modules\router\index.js:435:11)
    at Layer.handleRequest (F:\Web Calculator\Mugnee Calculator\node_modules\router\lib\layer.js:152:17)
    at F:\Web Calculator\Mugnee Calculator\node_modules\router\index.js:295:15
    at param (F:\Web Calculator\Mugnee Calculator\node_modules\router\index.js:600:14) {
  status: 400
}
Error: ID is invalid.
    at idValue (file:///F:/Web%20Calculator/Mugnee%20Calculator/server/validation.mjs:32:72)
    at file:///F:/Web%20Calculator/Mugnee%20Calculator/server/index.mjs:576:12
    at file:///F:/Web%20Calculator/Mugnee%20Calculator/server/index.mjs:38:69
    at Layer.handleRequest (F:\Web Calculator\Mugnee Calculator\node_modules\router\lib\layer.js:152:17)
    at next (F:\Web Calculator\Mugnee Calculator\node_modules\router\lib\route.js:157:13)
    at Route.dispatch (F:\Web Calculator\Mugnee Calculator\node_modules\router\lib\route.js:117:3)
    at handle (F:\Web Calculator\Mugnee Calculator\node_modules\router\index.js:435:11)
    at Layer.handleRequest (F:\Web Calculator\Mugnee Calculator\node_modules\router\lib\layer.js:152:17)
    at F:\Web Calculator\Mugnee Calculator\node_modules\router\index.js:295:15
    at param (F:\Web Calculator\Mugnee Calculator\node_modules\router\index.js:600:14) {
  status: 400
}
Error: ID is invalid.
    at idValue (file:///F:/Web%20Calculator/Mugnee%20Calculator/server/validation.mjs:32:72)
    at file:///F:/Web%20Calculator/Mugnee%20Calculator/server/index.mjs:576:12
    at file:///F:/Web%20Calculator/Mugnee%20Calculator/server/index.mjs:38:69
    at Layer.handleRequest (F:\Web Calculator\Mugnee Calculator\node_modules\router\lib\layer.js:152:17)
    at next (F:\Web Calculator\Mugnee Calculator\node_modules\router\lib\route.js:157:13)
    at Route.dispatch (F:\Web Calculator\Mugnee Calculator\node_modules\router\lib\route.js:117:3)
    at handle (F:\Web Calculator\Mugnee Calculator\node_modules\router\index.js:435:11)
    at Layer.handleRequest (F:\Web Calculator\Mugnee Calculator\node_modules\router\lib\layer.js:152:17)
    at F:\Web Calculator\Mugnee Calculator\node_modules\router\index.js:295:15
    at param (F:\Web Calculator\Mugnee Calculator\node_modules\router\index.js:600:14) {
  status: 400
}
