(node:10984) [MODULE_TYPELESS_PACKAGE_JSON] Warning: Module type of file:///F:/Web%20Calculator/Mugnee%20Calculator/src/data/component-model-and-price.js is not specified and it doesn't parse as CommonJS.
Reparsing as ES module because module syntax was detected. This incurs a performance overhead.
To eliminate this warning, add "type": "module" to \\?\F:\Web Calculator\Mugnee Calculator\package.json.
(Use `node --trace-warnings ...` to show where the warning was created)
AggregateError [ECONNREFUSED]: 
    at F:\Web Calculator\Mugnee Calculator\node_modules\pg-pool\index.js:45:11
    at process.processTicksAndRejections (node:internal/process/task_queues:104:5)
    at async file:///F:/Web%20Calculator/Mugnee%20Calculator/server/index.mjs:208:3 {
  code: 'ECONNREFUSED',
  [errors]: [
    Error: connect ECONNREFUSED ::1:5432
        at createConnectionError (node:net:2062:14)
        at afterConnectMultiple (node:net:2092:16) {
      errno: -4078,
      code: 'ECONNREFUSED',
      syscall: 'connect',
      address: '::1',
      port: 5432
    },
    Error: connect ECONNREFUSED 127.0.0.1:5432
        at createConnectionError (node:net:2062:14)
        at afterConnectMultiple (node:net:2092:16) {
      errno: -4078,
      code: 'ECONNREFUSED',
      syscall: 'connect',
      address: '127.0.0.1',
      port: 5432
    }
  ]
}
AggregateError [ECONNREFUSED]: 
    at F:\Web Calculator\Mugnee Calculator\node_modules\pg-pool\index.js:45:11
    at process.processTicksAndRejections (node:internal/process/task_queues:104:5)
    at async file:///F:/Web%20Calculator/Mugnee%20Calculator/server/index.mjs:98:18 {
  code: 'ECONNREFUSED',
  [errors]: [
    Error: connect ECONNREFUSED ::1:5432
        at createConnectionError (node:net:2062:14)
        at afterConnectMultiple (node:net:2092:16) {
      errno: -4078,
      code: 'ECONNREFUSED',
      syscall: 'connect',
      address: '::1',
      port: 5432
    },
    Error: connect ECONNREFUSED 127.0.0.1:5432
        at createConnectionError (node:net:2062:14)
        at afterConnectMultiple (node:net:2092:16) {
      errno: -4078,
      code: 'ECONNREFUSED',
      syscall: 'connect',
      address: '127.0.0.1',
      port: 5432
    }
  ]
}
AggregateError [ECONNREFUSED]: 
    at F:\Web Calculator\Mugnee Calculator\node_modules\pg-pool\index.js:45:11
    at process.processTicksAndRejections (node:internal/process/task_queues:104:5)
    at async file:///F:/Web%20Calculator/Mugnee%20Calculator/server/index.mjs:98:18 {
  code: 'ECONNREFUSED',
  [errors]: [
    Error: connect ECONNREFUSED ::1:5432
        at createConnectionError (node:net:2062:14)
        at afterConnectMultiple (node:net:2092:16) {
      errno: -4078,
      code: 'ECONNREFUSED',
      syscall: 'connect',
      address: '::1',
      port: 5432
    },
    Error: connect ECONNREFUSED 127.0.0.1:5432
        at createConnectionError (node:net:2062:14)
        at afterConnectMultiple (node:net:2092:16) {
      errno: -4078,
      code: 'ECONNREFUSED',
      syscall: 'connect',
      address: '127.0.0.1',
      port: 5432
    }
  ]
}
AggregateError [ECONNREFUSED]: 
    at F:\Web Calculator\Mugnee Calculator\node_modules\pg-pool\index.js:45:11
    at process.processTicksAndRejections (node:internal/process/task_queues:104:5)
    at async file:///F:/Web%20Calculator/Mugnee%20Calculator/server/index.mjs:98:18 {
  code: 'ECONNREFUSED',
  [errors]: [
    Error: connect ECONNREFUSED ::1:5432
        at createConnectionError (node:net:2062:14)
        at afterConnectMultiple (node:net:2092:16) {
      errno: -4078,
      code: 'ECONNREFUSED',
      syscall: 'connect',
      address: '::1',
      port: 5432
    },
    Error: connect ECONNREFUSED 127.0.0.1:5432
        at createConnectionError (node:net:2062:14)
        at afterConnectMultiple (node:net:2092:16) {
      errno: -4078,
      code: 'ECONNREFUSED',
      syscall: 'connect',
      address: '127.0.0.1',
      port: 5432
    }
  ]
}
AggregateError [ECONNREFUSED]: 
    at F:\Web Calculator\Mugnee Calculator\node_modules\pg-pool\index.js:45:11
    at process.processTicksAndRejections (node:internal/process/task_queues:104:5)
    at async file:///F:/Web%20Calculator/Mugnee%20Calculator/server/index.mjs:98:18 {
  code: 'ECONNREFUSED',
  [errors]: [
    Error: connect ECONNREFUSED ::1:5432
        at createConnectionError (node:net:2062:14)
        at afterConnectMultiple (node:net:2092:16) {
      errno: -4078,
      code: 'ECONNREFUSED',
      syscall: 'connect',
      address: '::1',
      port: 5432
    },
    Error: connect ECONNREFUSED 127.0.0.1:5432
        at createConnectionError (node:net:2062:14)
        at afterConnectMultiple (node:net:2092:16) {
      errno: -4078,
      code: 'ECONNREFUSED',
      syscall: 'connect',
      address: '127.0.0.1',
      port: 5432
    }
  ]
}
AggregateError [ECONNREFUSED]: 
    at F:\Web Calculator\Mugnee Calculator\node_modules\pg-pool\index.js:45:11
    at process.processTicksAndRejections (node:internal/process/task_queues:104:5)
    at async file:///F:/Web%20Calculator/Mugnee%20Calculator/server/index.mjs:295:18 {
  code: 'ECONNREFUSED',
  [errors]: [
    Error: connect ECONNREFUSED ::1:5432
        at createConnectionError (node:net:2062:14)
        at afterConnectMultiple (node:net:2092:16) {
      errno: -4078,
      code: 'ECONNREFUSED',
      syscall: 'connect',
      address: '::1',
      port: 5432
    },
    Error: connect ECONNREFUSED 127.0.0.1:5432
        at createConnectionError (node:net:2062:14)
        at afterConnectMultiple (node:net:2092:16) {
      errno: -4078,
      code: 'ECONNREFUSED',
      syscall: 'connect',
      address: '127.0.0.1',
      port: 5432
    }
  ]
}
AggregateError [ECONNREFUSED]: 
    at F:\Web Calculator\Mugnee Calculator\node_modules\pg-pool\index.js:45:11
    at process.processTicksAndRejections (node:internal/process/task_queues:104:5)
    at async file:///F:/Web%20Calculator/Mugnee%20Calculator/server/index.mjs:98:18 {
  code: 'ECONNREFUSED',
  [errors]: [
    Error: connect ECONNREFUSED ::1:5432
        at createConnectionError (node:net:2062:14)
        at afterConnectMultiple (node:net:2092:16) {
      errno: -4078,
      code: 'ECONNREFUSED',
      syscall: 'connect',
      address: '::1',
      port: 5432
    },
    Error: connect ECONNREFUSED 127.0.0.1:5432
        at createConnectionError (node:net:2062:14)
        at afterConnectMultiple (node:net:2092:16) {
      errno: -4078,
      code: 'ECONNREFUSED',
      syscall: 'connect',
      address: '127.0.0.1',
      port: 5432
    }
  ]
}
AggregateError [ECONNREFUSED]: 
    at F:\Web Calculator\Mugnee Calculator\node_modules\pg-pool\index.js:45:11
    at process.processTicksAndRejections (node:internal/process/task_queues:104:5)
    at async file:///F:/Web%20Calculator/Mugnee%20Calculator/server/index.mjs:295:18 {
  code: 'ECONNREFUSED',
  [errors]: [
    Error: connect ECONNREFUSED ::1:5432
        at createConnectionError (node:net:2062:14)
        at afterConnectMultiple (node:net:2092:16) {
      errno: -4078,
      code: 'ECONNREFUSED',
      syscall: 'connect',
      address: '::1',
      port: 5432
    },
    Error: connect ECONNREFUSED 127.0.0.1:5432
        at createConnectionError (node:net:2062:14)
        at afterConnectMultiple (node:net:2092:16) {
      errno: -4078,
      code: 'ECONNREFUSED',
      syscall: 'connect',
      address: '127.0.0.1',
      port: 5432
    }
  ]
}
AggregateError [ECONNREFUSED]: 
    at F:\Web Calculator\Mugnee Calculator\node_modules\pg-pool\index.js:45:11
    at process.processTicksAndRejections (node:internal/process/task_queues:104:5)
    at async file:///F:/Web%20Calculator/Mugnee%20Calculator/server/index.mjs:98:18 {
  code: 'ECONNREFUSED',
  [errors]: [
    Error: connect ECONNREFUSED ::1:5432
        at createConnectionError (node:net:2062:14)
        at afterConnectMultiple (node:net:2092:16) {
      errno: -4078,
      code: 'ECONNREFUSED',
      syscall: 'connect',
      address: '::1',
      port: 5432
    },
    Error: connect ECONNREFUSED 127.0.0.1:5432
        at createConnectionError (node:net:2062:14)
        at afterConnectMultiple (node:net:2092:16) {
      errno: -4078,
      code: 'ECONNREFUSED',
      syscall: 'connect',
      address: '127.0.0.1',
      port: 5432
    }
  ]
}
AggregateError [ECONNREFUSED]: 
    at F:\Web Calculator\Mugnee Calculator\node_modules\pg-pool\index.js:45:11
    at process.processTicksAndRejections (node:internal/process/task_queues:104:5)
    at async file:///F:/Web%20Calculator/Mugnee%20Calculator/server/index.mjs:295:18 {
  code: 'ECONNREFUSED',
  [errors]: [
    Error: connect ECONNREFUSED ::1:5432
        at createConnectionError (node:net:2062:14)
        at afterConnectMultiple (node:net:2092:16) {
      errno: -4078,
      code: 'ECONNREFUSED',
      syscall: 'connect',
      address: '::1',
      port: 5432
    },
    Error: connect ECONNREFUSED 127.0.0.1:5432
        at createConnectionError (node:net:2062:14)
        at afterConnectMultiple (node:net:2092:16) {
      errno: -4078,
      code: 'ECONNREFUSED',
      syscall: 'connect',
      address: '127.0.0.1',
      port: 5432
    }
  ]
}
AggregateError [ECONNREFUSED]: 
    at F:\Web Calculator\Mugnee Calculator\node_modules\pg-pool\index.js:45:11
    at process.processTicksAndRejections (node:internal/process/task_queues:104:5)
    at async file:///F:/Web%20Calculator/Mugnee%20Calculator/server/index.mjs:295:18 {
  code: 'ECONNREFUSED',
  [errors]: [
    Error: connect ECONNREFUSED ::1:5432
        at createConnectionError (node:net:2062:14)
        at afterConnectMultiple (node:net:2092:16) {
      errno: -4078,
      code: 'ECONNREFUSED',
      syscall: 'connect',
      address: '::1',
      port: 5432
    },
    Error: connect ECONNREFUSED 127.0.0.1:5432
        at createConnectionError (node:net:2062:14)
        at afterConnectMultiple (node:net:2092:16) {
      errno: -4078,
      code: 'ECONNREFUSED',
      syscall: 'connect',
      address: '127.0.0.1',
      port: 5432
    }
  ]
}
AggregateError [ECONNREFUSED]: 
    at F:\Web Calculator\Mugnee Calculator\node_modules\pg-pool\index.js:45:11
    at process.processTicksAndRejections (node:internal/process/task_queues:104:5)
    at async file:///F:/Web%20Calculator/Mugnee%20Calculator/server/index.mjs:295:18 {
  code: 'ECONNREFUSED',
  [errors]: [
    Error: connect ECONNREFUSED ::1:5432
        at createConnectionError (node:net:2062:14)
        at afterConnectMultiple (node:net:2092:16) {
      errno: -4078,
      code: 'ECONNREFUSED',
      syscall: 'connect',
      address: '::1',
      port: 5432
    },
    Error: connect ECONNREFUSED 127.0.0.1:5432
        at createConnectionError (node:net:2062:14)
        at afterConnectMultiple (node:net:2092:16) {
      errno: -4078,
      code: 'ECONNREFUSED',
      syscall: 'connect',
      address: '127.0.0.1',
      port: 5432
    }
  ]
}
AggregateError [ECONNREFUSED]: 
    at F:\Web Calculator\Mugnee Calculator\node_modules\pg-pool\index.js:45:11
    at process.processTicksAndRejections (node:internal/process/task_queues:104:5)
    at async file:///F:/Web%20Calculator/Mugnee%20Calculator/server/index.mjs:295:18 {
  code: 'ECONNREFUSED',
  [errors]: [
    Error: connect ECONNREFUSED ::1:5432
        at createConnectionError (node:net:2062:14)
        at afterConnectMultiple (node:net:2092:16) {
      errno: -4078,
      code: 'ECONNREFUSED',
      syscall: 'connect',
      address: '::1',
      port: 5432
    },
    Error: connect ECONNREFUSED 127.0.0.1:5432
        at createConnectionError (node:net:2062:14)
        at afterConnectMultiple (node:net:2092:16) {
      errno: -4078,
      code: 'ECONNREFUSED',
      syscall: 'connect',
      address: '127.0.0.1',
      port: 5432
    }
  ]
}
AggregateError [ECONNREFUSED]: 
    at F:\Web Calculator\Mugnee Calculator\node_modules\pg-pool\index.js:45:11
    at process.processTicksAndRejections (node:internal/process/task_queues:104:5)
    at async file:///F:/Web%20Calculator/Mugnee%20Calculator/server/index.mjs:98:18 {
  code: 'ECONNREFUSED',
  [errors]: [
    Error: connect ECONNREFUSED ::1:5432
        at createConnectionError (node:net:2062:14)
        at afterConnectMultiple (node:net:2092:16) {
      errno: -4078,
      code: 'ECONNREFUSED',
      syscall: 'connect',
      address: '::1',
      port: 5432
    },
    Error: connect ECONNREFUSED 127.0.0.1:5432
        at createConnectionError (node:net:2062:14)
        at afterConnectMultiple (node:net:2092:16) {
      errno: -4078,
      code: 'ECONNREFUSED',
      syscall: 'connect',
      address: '127.0.0.1',
      port: 5432
    }
  ]
}
npm notice
npm notice New major version of npm available! 11.19.0 -> 12.2.0
npm notice Changelog: https://github.com/npm/cli/releases/tag/v12.2.0
npm notice To update run: npm install -g npm@12.2.0
npm notice
