(node:6132) [DEP0176] DeprecationWarning: fs.F_OK is deprecated, use fs.constants.F_OK instead
(Use `node --trace-deprecation ...` to show where the warning was created)
Browserslist: browsers data (caniuse-lite) is 10 months old. Please run:
  npx update-browserslist-db@latest
  Why you should do it regularly: https://github.com/browserslist/update-db#readme
(node:6132) [DEP_WEBPACK_DEV_SERVER_ON_AFTER_SETUP_MIDDLEWARE] DeprecationWarning: 'onAfterSetupMiddleware' option is deprecated. Please use the 'setupMiddlewares' option.
(node:6132) [DEP_WEBPACK_DEV_SERVER_ON_BEFORE_SETUP_MIDDLEWARE] DeprecationWarning: 'onBeforeSetupMiddleware' option is deprecated. Please use the 'setupMiddlewares' option.
(node:6132) [DEP0060] DeprecationWarning: The `util._extend` API is deprecated. Please use Object.assign() instead.
[HPM] Error occurred while proxying request localhost:3000/api/public/catalog-events to http://127.0.0.1:3001/ [ECONNRESET] (https://nodejs.org/api/errors.html#errors_common_system_errors)
[HPM] ECONNRESET: Error: read ECONNRESET
    at TCP.onStreamRead (node:internal/stream_base_commons:216:20) {
  errno: -4077,
  code: 'ECONNRESET',
  syscall: 'read'
}
F:\Web Calculator\Mugnee Calculator\node_modules\react-scripts\scripts\start.js:19
  throw err;
  ^

Error: EBUSY: resource busy or locked, watch 'F:\Web Calculator\Mugnee Calculator\public\Sasha\Sasha Corporation letter head Pad.png'
    at FSWatcher.<computed> (node:internal/fs/watchers:323:19)
    at Object.watch (node:fs:2608:36)
    at createFsWatchInstance (F:\Web Calculator\Mugnee Calculator\node_modules\chokidar\lib\nodefs-handler.js:119:15)
    at setFsWatchListener (F:\Web Calculator\Mugnee Calculator\node_modules\chokidar\lib\nodefs-handler.js:166:15)
    at NodeFsHandler._watchWithNodeFs (F:\Web Calculator\Mugnee Calculator\node_modules\chokidar\lib\nodefs-handler.js:331:14)
    at NodeFsHandler._handleFile (F:\Web Calculator\Mugnee Calculator\node_modules\chokidar\lib\nodefs-handler.js:395:23)
    at NodeFsHandler._addToNodeFs (F:\Web Calculator\Mugnee Calculator\node_modules\chokidar\lib\nodefs-handler.js:637:21)
Emitted 'error' event on FSWatcher instance at:
    at FSWatcher._handleError (F:\Web Calculator\Mugnee Calculator\node_modules\chokidar\index.js:647:10)
    at NodeFsHandler._addToNodeFs (F:\Web Calculator\Mugnee Calculator\node_modules\chokidar\lib\nodefs-handler.js:645:18) {
  errno: -4082,
  syscall: 'watch',
  code: 'EBUSY',
  path: 'F:\\Web Calculator\\Mugnee Calculator\\public\\Sasha\\Sasha Corporation letter head Pad.png',
  filename: 'F:\\Web Calculator\\Mugnee Calculator\\public\\Sasha\\Sasha Corporation letter head Pad.png'
}

Node.js v24.21.0
npm notice
npm notice New major version of npm available! 11.19.0 -> 12.2.0
npm notice Changelog: https://github.com/npm/cli/releases/tag/v12.2.0
npm notice To update run: npm install -g npm@12.2.0
npm notice
